// Jest Snapshot v1, https://goo.gl/fbAQLP

exports[`base template screen renders with settings button 1`] = `
<div
  class="h-full flex flex-col bg-primary text-defaultext"
>
  <div
    class="flex flex-row justify-between px-[32px] py-[32px]"
  >
    <div>
      <a
        class="p-1.5 mr-[16px] rounded-sm operator:hover bg-primary"
        id="navLogin"
      >
        Home
      </a>
      <a
        class="p-1.5 mr-[16px] rounded-sm operator:hover bg-primary"
        id="navSettings"
      >
        Einstellungen
      </a>
      <a
        class="p-1.5 mr-[16px] rounded-sm operator:hover bg-primary"
        id="navHelp"
      >
        Hilfe
      </a>
      <a
        class="p-1.5 mr-[16px] rounded-sm operator:hover bg-primary"
        id="navConfigAssistant"
      >
        Konfigurationsassistent
      </a>
    </div>
    <img
      alt="logo"
      class="object-contain"
    />
  </div>
  <div
    class="content flex-1 px-[32px] overflow-auto"
    id="app-content"
  >
    
    
  </div>
  <div
    class="flex flex-row justify-between relative px-[32px] py-[32px]"
  >
    <a
      class="inline-flex"
    >
      <img
        alt="info icon"
        class="object-contain mr-[8px]"
      />
      <span
        class="text-sm hover:underline"
        id="lblImprint"
      >
        Impressum
      </span>
    </a>
    <div
      class="text-sm cursor-default"
      id="lblVersion"
      title="4.14.1"
    >
      Version dev 
    </div>
  </div>
  
  <!--v-if-->
  <div />
  <div />
  <div />
  
</div>
`;
